<html>
<body>
<pre>
<h1>�Vision Build Log</h1>
<h2>Tool Versions:</h2>
IDE-Version: �Vision V5.29.0.0
Copyright (C) 2019 ARM Ltd and ARM Germany GmbH. All rights reserved.
License Information: Vlad Demianiv, -, LIC=----
 
Tool Versions:
Toolchain:       MDK-Lite  Version: 5.29.0.0
Toolchain Path:  C:\Keil_v5\ARM\ARMCC\Bin
C Compiler:      Armcc.exe V5.06 update 6 (build 750)
Assembler:       Armasm.exe V5.06 update 6 (build 750)
Linker/Locator:  ArmLink.exe V5.06 update 6 (build 750)
Library Manager: ArmAr.exe V5.06 update 6 (build 750)
Hex Converter:   FromElf.exe V5.06 update 6 (build 750)
CPU DLL:         SARMCM3.DLL V5.29.0.0
Dialog DLL:      DCM.DLL V1.17.3.0
Target DLL:      STLink\ST-LINKIII-KEIL_SWO.dll V3.0.7.0
Dialog DLL:      TCM.DLL V1.36.5.0
 
<h2>Project:</h2>
D:\micro\lab1\lab1\MDK-ARM\lab1.uvprojx
Project File Date:  03/20/2020

<h2>Output:</h2>
*** Using Compiler 'V5.06 update 6 (build 750)', folder: 'C:\Keil_v5\ARM\ARMCC\Bin'
Rebuild target 'lab1'
compiling stm32f4xx_it.c...
compiling stm32f4xx_hal_msp.c...
compiling main.c...
assembling startup_stm32f407xx.s...
compiling flash.c...
..\Src\flash.c(46): warning:  #174-D: expression has no effect
  	memcpy(data,(uint8_t*)(0xAD,(address>>16)&0xFF,(address>>8)&0xFF,(address)&0xFF,data[0],data[1]),6);
..\Src\flash.c(46): warning:  #174-D: expression has no effect
  	memcpy(data,(uint8_t*)(0xAD,(address>>16)&0xFF,(address>>8)&0xFF,(address)&0xFF,data[0],data[1]),6);
..\Src\flash.c(46): warning:  #174-D: expression has no effect
  	memcpy(data,(uint8_t*)(0xAD,(address>>16)&0xFF,(address>>8)&0xFF,(address)&0xFF,data[0],data[1]),6);
..\Src\flash.c(46): warning:  #174-D: expression has no effect
  	memcpy(data,(uint8_t*)(0xAD,(address>>16)&0xFF,(address>>8)&0xFF,(address)&0xFF,data[0],data[1]),6);
..\Src\flash.c(46): warning:  #174-D: expression has no effect
  	memcpy(data,(uint8_t*)(0xAD,(address>>16)&0xFF,(address>>8)&0xFF,(address)&0xFF,data[0],data[1]),6);
..\Src\flash.c(53): warning:  #174-D: expression has no effect
  			memcpy(data+1,(uint8_t*)(data[i*2],data[i*2+1]),2);
..\Src\flash.c(41): warning:  #177-D: variable "_data"  was declared but never referenced
  	uint8_t _data[6];
..\Src\flash.c: 7 warnings, 0 errors
compiling stm32f4xx_hal_spi.c...
compiling stm32f4xx_hal_rcc.c...
compiling stm32f4xx_hal_rcc_ex.c...
compiling stm32f4xx_hal_flash_ex.c...
compiling stm32f4xx_hal_flash.c...
compiling stm32f4xx_hal_flash_ramfunc.c...
compiling stm32f4xx_hal_gpio.c...
compiling stm32f4xx_hal_dma_ex.c...
compiling stm32f4xx_hal_dma.c...
compiling stm32f4xx_hal_pwr.c...
compiling stm32f4xx_hal_pwr_ex.c...
compiling stm32f4xx_hal_cortex.c...
compiling stm32f4xx_hal_exti.c...
compiling stm32f4xx_hal.c...
compiling stm32f4xx_hal_tim.c...
compiling stm32f4xx_hal_tim_ex.c...
compiling system_stm32f4xx.c...
linking...
Program Size: Code=5136 RO-data=440 RW-data=28 ZI-data=1124  
FromELF: creating hex file...
"lab1\lab1.axf" - 0 Error(s), 7 Warning(s).

<h2>Software Packages used:</h2>

Package Vendor: ARM
                http://www.keil.com/pack/ARM.CMSIS.5.6.0.pack
                ARM.CMSIS.5.6.0
                CMSIS (Cortex Microcontroller Software Interface Standard)
   * Component: CORE Version: 5.3.0

Package Vendor: Keil
                http://www.keil.com/pack/Keil.STM32F4xx_DFP.2.14.0.pack
                Keil.STM32F4xx_DFP.2.14.0
                STMicroelectronics STM32F4 Series Device Support, Drivers and Examples

<h2>Collection of Component include folders:</h2>
  .\RTE\_lab1
  C:\Users\Alexander Antonyuk\AppData\Local\Arm\Packs\ARM\CMSIS\5.6.0\CMSIS\Core\Include
  C:\Users\Alexander Antonyuk\AppData\Local\Arm\Packs\Keil\STM32F4xx_DFP\2.14.0\Drivers\CMSIS\Device\ST\STM32F4xx\Include

<h2>Collection of Component Files used:</h2>

   * Component: ARM::CMSIS:CORE:5.3.0
Build Time Elapsed:  00:00:53
</pre>
</body>
</html>
